{
    "id": "3185acca-dd84-40d4-8217-781ebe47892e",
    "attributes": {

    }
}
